// Jest Snapshot v1, https://goo.gl/fbAQLP

exports[`should render the Title Component correctly 1`] = `ShallowWrapper {}`;
